2026-06-01 05:05:28,767 | INFO | __main__ | Logger test started
2026-06-01 05:05:28,768 | WARNING | __main__ | This is a warning
2026-06-01 05:05:28,768 | ERROR | __main__ | This is an error
2026-06-01 05:05:28,769 | INFO | __main__ | Logger test completed
2026-06-01 11:03:41,621 | INFO | src.ingestion.complaints.download_cfpb | Starting CFPB download from 2025-01-01 to 2025-01-31
2026-06-01 11:03:41,622 | INFO | src.ingestion.complaints.download_cfpb | Sending request to CFPB API (Attempt 1)
2026-06-01 11:04:33,590 | ERROR | src.ingestion.complaints.download_cfpb | Attempt 1 failed: 503 Server Error: Service Unavailable for url: https://www.consumerfinance.gov/data-research/consumer-complaints/search/api/v1/?date_received_min=2025-01-01&date_received_max=2025-01-31&size=10000
2026-06-01 11:04:38,603 | INFO | src.ingestion.complaints.download_cfpb | Sending request to CFPB API (Attempt 2)
2026-06-01 11:04:53,087 | ERROR | src.ingestion.complaints.download_cfpb | Attempt 2 failed: Mixing dicts with non-Series may lead to ambiguous ordering.
2026-06-01 11:04:58,088 | INFO | src.ingestion.complaints.download_cfpb | Sending request to CFPB API (Attempt 3)
2026-06-01 11:04:58,933 | ERROR | src.ingestion.complaints.download_cfpb | Attempt 3 failed: Mixing dicts with non-Series may lead to ambiguous ordering.
2026-06-01 12:11:25,856 | INFO | src.ingestion.complaints.download_cfpb | Starting CFPB download from 2025-01-01 to 2025-01-31
2026-06-01 12:11:25,856 | INFO | src.ingestion.complaints.download_cfpb | Sending request to CFPB API (Attempt 1)
2026-06-01 12:11:36,955 | ERROR | src.ingestion.complaints.download_cfpb | Attempt 1 failed: HTTPSConnectionPool(host='www.consumerfinance.gov', port=443): Max retries exceeded with url: /data-research/consumer-complaints/search/api/v1/?date_received_min=2025-01-01&date_received_max=2025-01-31&format=csv&no_aggs=true (Caused by NameResolutionError("HTTPSConnection(host='www.consumerfinance.gov', port=443): Failed to resolve 'www.consumerfinance.gov' ([Errno 11001] getaddrinfo failed)"))
2026-06-01 12:11:36,956 | INFO | src.ingestion.complaints.download_cfpb | Waiting 5 seconds before retrying...
2026-06-01 12:12:12,998 | INFO | src.ingestion.complaints.download_cfpb | Starting CFPB download from 2025-01-01 to 2025-01-31
2026-06-01 12:12:12,998 | INFO | src.ingestion.complaints.download_cfpb | Sending request to CFPB API (Attempt 1)
2026-06-01 12:14:36,669 | INFO | src.ingestion.complaints.download_cfpb | API stream received successfully. Parsing content...
2026-06-01 12:14:41,145 | INFO | src.ingestion.complaints.download_cfpb | Retrieved 475786 complaint records
2026-06-01 12:14:41,145 | INFO | src.ingestion.complaints.download_cfpb | CFPB download completed successfully
2026-06-01 13:47:50,352 | INFO | src.ingestion.complaints.download_cfpb | Starting CFPB download from 2025-01-01 to 2025-01-31
2026-06-01 13:47:50,353 | INFO | src.ingestion.complaints.download_cfpb | Sending request to CFPB API (Attempt 1)
2026-06-01 13:48:15,576 | INFO | src.ingestion.complaints.download_cfpb | API stream received successfully. Parsing content...
2026-06-01 13:48:18,958 | INFO | src.ingestion.complaints.download_cfpb | Retrieved 475786 complaint records
2026-06-01 13:48:18,959 | INFO | src.ingestion.complaints.download_cfpb | CFPB download completed successfully
2026-06-01 14:00:32,328 | INFO | src.ingestion.complaints.download_cfpb | Starting CFPB download from 2025-01-01 to 2025-01-31
2026-06-01 14:00:32,328 | INFO | src.ingestion.complaints.download_cfpb | Sending request to CFPB API (Attempt 1)
2026-06-01 14:00:57,551 | INFO | src.ingestion.complaints.download_cfpb | API stream received successfully. Parsing content...
2026-06-01 14:01:00,906 | INFO | src.ingestion.complaints.download_cfpb | Retrieved 475786 complaint records
2026-06-01 14:01:00,906 | INFO | src.ingestion.complaints.download_cfpb | CFPB download completed successfully
2026-06-01 14:01:00,925 | INFO | src.ingestion.complaints.validate_file | Starting dataframe validation
2026-06-01 14:01:00,925 | INFO | src.ingestion.complaints.validate_file | Row Count: 475,786
2026-06-01 14:01:00,925 | INFO | src.ingestion.complaints.validate_file | Column Count: 18
2026-06-01 14:01:00,926 | INFO | src.ingestion.complaints.validate_file | Required columns validation passed
2026-06-01 14:01:00,933 | INFO | src.ingestion.complaints.validate_file | Duplicate Records Found: 0
2026-06-01 14:01:00,934 | INFO | src.ingestion.complaints.validate_file | Null value analysis started
2026-06-01 14:01:00,935 | INFO | src.ingestion.complaints.validate_file | Complaint ID Null Count: 0
2026-06-01 14:01:00,949 | INFO | src.ingestion.complaints.validate_file | Date received Null Count: 0
2026-06-01 14:01:00,962 | INFO | src.ingestion.complaints.validate_file | Product Null Count: 0
2026-06-01 14:01:00,975 | INFO | src.ingestion.complaints.validate_file | Company Null Count: 0
2026-06-01 14:01:00,996 | INFO | src.ingestion.complaints.validate_file | Consumer complaint narrative Null Count: 302,847
2026-06-01 14:01:00,996 | INFO | src.ingestion.complaints.validate_file | Validation completed successfully
2026-06-01 14:46:58,044 | INFO | src.ingestion.complaints.download_cfpb | Starting CFPB download from 2025-01-01 to 2025-01-31
2026-06-01 14:46:58,045 | INFO | src.ingestion.complaints.download_cfpb | Sending request to CFPB API (Attempt 1)
2026-06-01 14:47:24,349 | INFO | src.ingestion.complaints.download_cfpb | API stream received successfully. Parsing content...
2026-06-01 14:47:27,786 | INFO | src.ingestion.complaints.download_cfpb | Retrieved 475786 complaint records
2026-06-01 14:47:27,787 | INFO | src.ingestion.complaints.download_cfpb | CFPB download completed successfully
2026-06-01 14:47:27,802 | INFO | src.ingestion.complaints.validate_file | Starting dataframe validation
2026-06-01 14:47:27,802 | INFO | src.ingestion.complaints.validate_file | Row Count: 475,786
2026-06-01 14:47:27,802 | INFO | src.ingestion.complaints.validate_file | Column Count: 18
2026-06-01 14:47:27,803 | INFO | src.ingestion.complaints.validate_file | Required columns validation passed
2026-06-01 14:47:27,812 | INFO | src.ingestion.complaints.validate_file | Duplicate Records Found: 0
2026-06-01 14:47:27,812 | INFO | src.ingestion.complaints.validate_file | Null value analysis started
2026-06-01 14:47:27,819 | INFO | src.ingestion.complaints.validate_file | Complaint ID Null Count: 0
2026-06-01 14:47:27,832 | INFO | src.ingestion.complaints.validate_file | Date received Null Count: 0
2026-06-01 14:47:27,847 | INFO | src.ingestion.complaints.validate_file | Product Null Count: 0
2026-06-01 14:47:27,860 | INFO | src.ingestion.complaints.validate_file | Company Null Count: 0
2026-06-01 14:47:27,882 | INFO | src.ingestion.complaints.validate_file | Consumer complaint narrative Null Count: 302,847
2026-06-01 14:47:27,883 | INFO | src.ingestion.complaints.validate_file | Validation completed successfully
2026-06-01 14:47:27,883 | INFO | src.ingestion.complaints.upload_to_s3 | Starting S3 upload process
2026-06-01 14:47:27,884 | ERROR | src.ingestion.complaints.upload_to_s3 | S3 upload failed: `Import pyarrow` failed. pyarrow is required for parquet support. Use pip or conda to install the pyarrow package.
2026-06-01 14:49:17,362 | INFO | src.ingestion.complaints.download_cfpb | Starting CFPB download from 2025-01-01 to 2025-01-31
2026-06-01 14:49:17,363 | INFO | src.ingestion.complaints.download_cfpb | Sending request to CFPB API (Attempt 1)
2026-06-01 14:49:42,641 | INFO | src.ingestion.complaints.download_cfpb | API stream received successfully. Parsing content...
2026-06-01 14:49:46,541 | INFO | src.ingestion.complaints.download_cfpb | Retrieved 475786 complaint records
2026-06-01 14:49:46,541 | INFO | src.ingestion.complaints.download_cfpb | CFPB download completed successfully
2026-06-01 14:49:46,557 | INFO | src.ingestion.complaints.validate_file | Starting dataframe validation
2026-06-01 14:49:46,557 | INFO | src.ingestion.complaints.validate_file | Row Count: 475,786
2026-06-01 14:49:46,558 | INFO | src.ingestion.complaints.validate_file | Column Count: 18
2026-06-01 14:49:46,558 | INFO | src.ingestion.complaints.validate_file | Required columns validation passed
2026-06-01 14:49:46,568 | INFO | src.ingestion.complaints.validate_file | Duplicate Records Found: 0
2026-06-01 14:49:46,568 | INFO | src.ingestion.complaints.validate_file | Null value analysis started
2026-06-01 14:49:46,570 | INFO | src.ingestion.complaints.validate_file | Complaint ID Null Count: 0
2026-06-01 14:49:46,571 | INFO | src.ingestion.complaints.validate_file | Date received Null Count: 0
2026-06-01 14:49:46,571 | INFO | src.ingestion.complaints.validate_file | Product Null Count: 0
2026-06-01 14:49:46,572 | INFO | src.ingestion.complaints.validate_file | Company Null Count: 0
2026-06-01 14:49:46,574 | INFO | src.ingestion.complaints.validate_file | Consumer complaint narrative Null Count: 302,847
2026-06-01 14:49:46,575 | INFO | src.ingestion.complaints.validate_file | Validation completed successfully
2026-06-01 14:49:46,575 | INFO | src.ingestion.complaints.upload_to_s3 | Starting S3 upload process
2026-06-01 14:49:58,460 | INFO | src.ingestion.complaints.upload_to_s3 | Upload successful: raw/complaints/year=2026/month=06/day=01/complaints.parquet
2026-06-01 15:01:04,973 | INFO | src.ingestion.complaints.download_cfpb | Starting CFPB download from 2025-01-01 to 2025-01-31
2026-06-01 15:01:04,974 | INFO | src.ingestion.complaints.download_cfpb | Sending request to CFPB API (Attempt 1)
2026-06-01 15:01:32,517 | INFO | src.ingestion.complaints.download_cfpb | API stream received successfully. Parsing content...
2026-06-01 15:01:38,355 | INFO | src.ingestion.complaints.download_cfpb | Retrieved 475786 complaint records
2026-06-01 15:01:38,355 | INFO | src.ingestion.complaints.download_cfpb | CFPB download completed successfully
2026-06-01 15:01:38,377 | INFO | src.ingestion.complaints.validate_file | Starting dataframe validation
2026-06-01 15:01:38,377 | INFO | src.ingestion.complaints.validate_file | Row Count: 475,786
2026-06-01 15:01:38,378 | INFO | src.ingestion.complaints.validate_file | Column Count: 18
2026-06-01 15:01:38,378 | INFO | src.ingestion.complaints.validate_file | Required columns validation passed
2026-06-01 15:01:38,398 | INFO | src.ingestion.complaints.validate_file | Duplicate Records Found: 0
2026-06-01 15:01:38,398 | INFO | src.ingestion.complaints.validate_file | Null value analysis started
2026-06-01 15:01:38,402 | INFO | src.ingestion.complaints.validate_file | Complaint ID Null Count: 0
2026-06-01 15:01:38,403 | INFO | src.ingestion.complaints.validate_file | Date received Null Count: 0
2026-06-01 15:01:38,405 | INFO | src.ingestion.complaints.validate_file | Product Null Count: 0
2026-06-01 15:01:38,407 | INFO | src.ingestion.complaints.validate_file | Company Null Count: 0
2026-06-01 15:01:38,429 | INFO | src.ingestion.complaints.validate_file | Consumer complaint narrative Null Count: 302,847
2026-06-01 15:01:38,430 | INFO | src.ingestion.complaints.validate_file | Validation completed successfully
2026-06-01 15:01:38,430 | INFO | src.ingestion.complaints.upload_to_s3 | Starting S3 upload process
2026-06-01 15:06:16,771 | INFO | src.ingestion.complaints.upload_to_s3 | Upload successful: raw/complaints/year=2026/month=06/day=01/cfpb_complaints_20260601_190138.parquet
