[0m02:34:54.623172 [debug] [MainThread]: Sending event: {'category': 'dbt', 'action': 'invocation', 'label': 'start', 'context': [<snowplow_tracker.self_describing_json.SelfDescribingJson object at 0x0000027AC803C550>, <snowplow_tracker.self_describing_json.SelfDescribingJson object at 0x0000027AC812BFD0>, <snowplow_tracker.self_describing_json.SelfDescribingJson object at 0x0000027AC81826D0>]}


============================== 02:34:54.838008 | e360188b-2f49-4c9b-9d9e-287177b9c203 ==============================
[0m02:34:54.838008 [info ] [MainThread]: Running with dbt=1.11.11
[0m02:34:54.839011 [debug] [MainThread]: running dbt with arguments {'version_check': 'True', 'no_print': 'None', 'static_parser': 'True', 'warn_error_options': 'WarnErrorOptionsV2(error=[], warn=[], silence=[])', 'target_path': 'None', 'printer_width': '80', 'write_json': 'True', 'empty': 'None', 'log_cache_events': 'False', 'introspect': 'True', 'cache_selected_only': 'False', 'log_format': 'default', 'debug': 'False', 'fail_fast': 'False', 'partial_parse': 'True', 'send_anonymous_usage_stats': 'True', 'quiet': 'False', 'warn_error': 'None', 'profiles_dir': 'C:\\Users\\guruv\\.dbt', 'invocation_command': 'dbt init dbt_AI_financial_risk_project', 'use_colors': 'True', 'indirect_selection': 'eager', 'use_experimental_parser': 'False', 'log_path': 'logs'}
[0m02:34:54.916394 [debug] [MainThread]: Starter project path: C:\Users\guruv\Downloads\Data\Project\AI-Powered-Financial-Risk-Intelligence-Platform\myenv\Lib\site-packages\dbt\include\starter_project
[0m02:34:55.074339 [info ] [MainThread]: 
Your new dbt project "dbt_AI_financial_risk_project" was created!

For more information on how to configure the profiles.yml file,
please consult the dbt documentation here:

  https://docs.getdbt.com/docs/configure-your-profile

One more thing:

Need help? Don't hesitate to reach out to us via GitHub issues or on Slack:

  https://community.getdbt.com/

Happy modeling!

[0m02:34:55.076388 [info ] [MainThread]: Setting up your profile.
[0m02:35:07.657494 [debug] [MainThread]: Traceback (most recent call last):
  File "C:\Users\guruv\Downloads\Data\Project\AI-Powered-Financial-Risk-Intelligence-Platform\myenv\Lib\site-packages\dbt\adapters\factory.py", line 68, in load_plugin
    mod: Any = import_module("." + name, "dbt.adapters")
               ^^^^^^^^^^^^^^^^^^^^^^^^^^^^^^^^^^^^^^^^^
  File "C:\Users\guruv\AppData\Local\Programs\Python\Python311\Lib\importlib\__init__.py", line 126, in import_module
    return _bootstrap._gcd_import(name[level:], package, level)
           ^^^^^^^^^^^^^^^^^^^^^^^^^^^^^^^^^^^^^^^^^^^^^^^^^^^^
  File "<frozen importlib._bootstrap>", line 1204, in _gcd_import
  File "<frozen importlib._bootstrap>", line 1176, in _find_and_load
  File "<frozen importlib._bootstrap>", line 1147, in _find_and_load_unlocked
  File "<frozen importlib._bootstrap>", line 690, in _load_unlocked
  File "<frozen importlib._bootstrap_external>", line 940, in exec_module
  File "<frozen importlib._bootstrap>", line 241, in _call_with_frames_removed
  File "C:\Users\guruv\Downloads\Data\Project\AI-Powered-Financial-Risk-Intelligence-Platform\myenv\Lib\site-packages\dbt\adapters\snowflake\__init__.py", line 3, in <module>
    from dbt.adapters.snowflake.connections import SnowflakeConnectionManager
  File "C:\Users\guruv\Downloads\Data\Project\AI-Powered-Financial-Risk-Intelligence-Platform\myenv\Lib\site-packages\dbt\adapters\snowflake\connections.py", line 22, in <module>
    from cryptography.hazmat.primitives import serialization
  File "C:\Users\guruv\Downloads\Data\Project\AI-Powered-Financial-Risk-Intelligence-Platform\myenv\Lib\site-packages\cryptography\hazmat\primitives\serialization\__init__.py", line 7, in <module>
    from cryptography.hazmat.primitives._serialization import (
  File "C:\Users\guruv\Downloads\Data\Project\AI-Powered-Financial-Risk-Intelligence-Platform\myenv\Lib\site-packages\cryptography\hazmat\primitives\_serialization.py", line 10, in <module>
    from cryptography.hazmat.bindings._rust import Encoding as Encoding
ModuleNotFoundError: No module named '_cffi_backend'

[0m02:35:07.660495 [error] [MainThread]: Encountered an error:
No module named '_cffi_backend'
[0m02:35:07.669527 [error] [MainThread]: Traceback (most recent call last):
  File "C:\Users\guruv\Downloads\Data\Project\AI-Powered-Financial-Risk-Intelligence-Platform\myenv\Lib\site-packages\dbt\cli\requires.py", line 182, in wrapper
    result, success = func(*args, **kwargs)
                      ^^^^^^^^^^^^^^^^^^^^^
  File "C:\Users\guruv\Downloads\Data\Project\AI-Powered-Financial-Risk-Intelligence-Platform\myenv\Lib\site-packages\dbt\cli\requires.py", line 128, in wrapper
    return func(*args, **kwargs)
           ^^^^^^^^^^^^^^^^^^^^^
  File "C:\Users\guruv\Downloads\Data\Project\AI-Powered-Financial-Risk-Intelligence-Platform\myenv\Lib\site-packages\dbt\cli\main.py", line 488, in init
    results = task.run()
              ^^^^^^^^^^
  File "C:\Users\guruv\Downloads\Data\Project\AI-Powered-Financial-Risk-Intelligence-Platform\myenv\Lib\site-packages\dbt\task\init.py", line 346, in run
    self.setup_profile(profile_name)
  File "C:\Users\guruv\Downloads\Data\Project\AI-Powered-Financial-Risk-Intelligence-Platform\myenv\Lib\site-packages\dbt\task\init.py", line 262, in setup_profile
    self.create_profile_from_target(adapter, profile_name=profile_name)
  File "C:\Users\guruv\Downloads\Data\Project\AI-Powered-Financial-Risk-Intelligence-Platform\myenv\Lib\site-packages\dbt\task\init.py", line 172, in create_profile_from_target
    load_plugin(adapter)
  File "C:\Users\guruv\Downloads\Data\Project\AI-Powered-Financial-Risk-Intelligence-Platform\myenv\Lib\site-packages\dbt\adapters\factory.py", line 239, in load_plugin
    return FACTORY.load_plugin(name)
           ^^^^^^^^^^^^^^^^^^^^^^^^^
  File "C:\Users\guruv\Downloads\Data\Project\AI-Powered-Financial-Risk-Intelligence-Platform\myenv\Lib\site-packages\dbt\adapters\factory.py", line 68, in load_plugin
    mod: Any = import_module("." + name, "dbt.adapters")
               ^^^^^^^^^^^^^^^^^^^^^^^^^^^^^^^^^^^^^^^^^
  File "C:\Users\guruv\AppData\Local\Programs\Python\Python311\Lib\importlib\__init__.py", line 126, in import_module
    return _bootstrap._gcd_import(name[level:], package, level)
           ^^^^^^^^^^^^^^^^^^^^^^^^^^^^^^^^^^^^^^^^^^^^^^^^^^^^
  File "<frozen importlib._bootstrap>", line 1204, in _gcd_import
  File "<frozen importlib._bootstrap>", line 1176, in _find_and_load
  File "<frozen importlib._bootstrap>", line 1147, in _find_and_load_unlocked
  File "<frozen importlib._bootstrap>", line 690, in _load_unlocked
  File "<frozen importlib._bootstrap_external>", line 940, in exec_module
  File "<frozen importlib._bootstrap>", line 241, in _call_with_frames_removed
  File "C:\Users\guruv\Downloads\Data\Project\AI-Powered-Financial-Risk-Intelligence-Platform\myenv\Lib\site-packages\dbt\adapters\snowflake\__init__.py", line 3, in <module>
    from dbt.adapters.snowflake.connections import SnowflakeConnectionManager
  File "C:\Users\guruv\Downloads\Data\Project\AI-Powered-Financial-Risk-Intelligence-Platform\myenv\Lib\site-packages\dbt\adapters\snowflake\connections.py", line 22, in <module>
    from cryptography.hazmat.primitives import serialization
  File "C:\Users\guruv\Downloads\Data\Project\AI-Powered-Financial-Risk-Intelligence-Platform\myenv\Lib\site-packages\cryptography\hazmat\primitives\serialization\__init__.py", line 7, in <module>
    from cryptography.hazmat.primitives._serialization import (
  File "C:\Users\guruv\Downloads\Data\Project\AI-Powered-Financial-Risk-Intelligence-Platform\myenv\Lib\site-packages\cryptography\hazmat\primitives\_serialization.py", line 10, in <module>
    from cryptography.hazmat.bindings._rust import Encoding as Encoding
ModuleNotFoundError: No module named '_cffi_backend'

[0m02:35:07.674507 [debug] [MainThread]: Command `dbt init` failed at 02:35:07.673472 after 13.32 seconds
[0m02:35:07.676052 [debug] [MainThread]: Sending event: {'category': 'dbt', 'action': 'invocation', 'label': 'end', 'context': [<snowplow_tracker.self_describing_json.SelfDescribingJson object at 0x0000027AC8158590>, <snowplow_tracker.self_describing_json.SelfDescribingJson object at 0x0000027AC7DB3950>, <snowplow_tracker.self_describing_json.SelfDescribingJson object at 0x0000027AC810CDD0>]}
[0m02:35:07.678566 [debug] [MainThread]: Flushing usage events
[0m02:35:09.626281 [debug] [MainThread]: An error was encountered while trying to flush usage events
[0m03:11:16.664029 [debug] [MainThread]: Sending event: {'category': 'dbt', 'action': 'invocation', 'label': 'start', 'context': [<snowplow_tracker.self_describing_json.SelfDescribingJson object at 0x000001BE559EF210>, <snowplow_tracker.self_describing_json.SelfDescribingJson object at 0x000001BE55708050>, <snowplow_tracker.self_describing_json.SelfDescribingJson object at 0x000001BE559BC790>]}


============================== 03:11:16.674029 | ddda9533-cc7f-4362-b0d5-eb361e58e8f6 ==============================
[0m03:11:16.674029 [info ] [MainThread]: Running with dbt=1.11.11
[0m03:11:16.676032 [debug] [MainThread]: running dbt with arguments {'version_check': 'True', 'no_print': 'None', 'static_parser': 'True', 'warn_error_options': 'WarnErrorOptionsV2(error=[], warn=[], silence=[])', 'target_path': 'None', 'printer_width': '80', 'write_json': 'True', 'introspect': 'True', 'log_cache_events': 'False', 'empty': 'None', 'cache_selected_only': 'False', 'log_format': 'default', 'debug': 'False', 'fail_fast': 'False', 'partial_parse': 'True', 'send_anonymous_usage_stats': 'True', 'quiet': 'False', 'warn_error': 'None', 'profiles_dir': 'C:\\Users\\guruv\\.dbt', 'invocation_command': 'dbt debug', 'use_colors': 'True', 'indirect_selection': 'eager', 'use_experimental_parser': 'False', 'log_path': 'logs'}
[0m03:11:16.734013 [info ] [MainThread]: dbt version: 1.11.11
[0m03:11:16.734956 [info ] [MainThread]: python version: 3.11.9
[0m03:11:16.736950 [info ] [MainThread]: python path: C:\Users\guruv\Downloads\Data\Project\AI-Powered-Financial-Risk-Intelligence-Platform\myenv\Scripts\python.exe
[0m03:11:16.737951 [info ] [MainThread]: os info: Windows-10-10.0.26200-SP0
[0m03:11:18.937800 [debug] [MainThread]: Snowflake adapter: Setting snowflake.connector to ERROR (file logging only)
[0m03:11:18.938800 [debug] [MainThread]: Snowflake adapter: Setting botocore to ERROR (file logging only)
[0m03:11:18.941336 [debug] [MainThread]: Snowflake adapter: Setting boto3 to ERROR (file logging only)
[0m03:11:19.108794 [info ] [MainThread]: Using profiles dir at C:\Users\guruv\.dbt
[0m03:11:19.109827 [info ] [MainThread]: Using profiles.yml file at C:\Users\guruv\.dbt\profiles.yml
[0m03:11:19.111751 [info ] [MainThread]: Using dbt_project.yml file at C:\Users\guruv\Downloads\Data\Project\AI-Powered-Financial-Risk-Intelligence-Platform\dbt_project.yml
[0m03:11:19.113783 [info ] [MainThread]: adapter type: snowflake
[0m03:11:19.115749 [info ] [MainThread]: adapter version: 1.11.5
[0m03:11:19.116755 [info ] [MainThread]: Configuration:
[0m03:11:19.118161 [info ] [MainThread]:   profiles.yml file [[32mOK found and valid[0m]
[0m03:11:19.119459 [info ] [MainThread]:   dbt_project.yml file [[31mERROR not found[0m]
[0m03:11:19.121414 [info ] [MainThread]: Required dependencies:
[0m03:11:19.122511 [debug] [MainThread]: Executing "git --help"
[0m03:11:19.250765 [debug] [MainThread]: STDOUT: "b"usage: git [-v | --version] [-h | --help] [-C <path>] [-c <name>=<value>]\n           [--exec-path[=<path>]] [--html-path] [--man-path] [--info-path]\n           [-p | --paginate | -P | --no-pager] [--no-replace-objects] [--no-lazy-fetch]\n           [--no-optional-locks] [--no-advice] [--bare] [--git-dir=<path>]\n           [--work-tree=<path>] [--namespace=<name>] [--config-env=<name>=<envvar>]\n           <command> [<args>]\n\nThese are common Git commands used in various situations:\n\nstart a working area (see also: git help tutorial)\n   clone      Clone a repository into a new directory\n   init       Create an empty Git repository or reinitialize an existing one\n\nwork on the current change (see also: git help everyday)\n   add        Add file contents to the index\n   mv         Move or rename a file, a directory, or a symlink\n   restore    Restore working tree files\n   rm         Remove files from the working tree and from the index\n\nexamine the history and state (see also: git help revisions)\n   bisect     Use binary search to find the commit that introduced a bug\n   diff       Show changes between commits, commit and working tree, etc\n   grep       Print lines matching a pattern\n   log        Show commit logs\n   show       Show various types of objects\n   status     Show the working tree status\n\ngrow, mark and tweak your common history\n   backfill   Download missing objects in a partial clone\n   branch     List, create, or delete branches\n   commit     Record changes to the repository\n   merge      Join two or more development histories together\n   rebase     Reapply commits on top of another base tip\n   reset      Set `HEAD` or the index to a known state\n   switch     Switch branches\n   tag        Create, list, delete or verify tags\n\ncollaborate (see also: git help workflows)\n   fetch      Download objects and refs from another repository\n   pull       Fetch from and integrate with another repository or a local branch\n   push       Update remote refs along with associated objects\n\n'git help -a' and 'git help -g' list available subcommands and some\nconcept guides. See 'git help <command>' or 'git help <concept>'\nto read about a specific subcommand or concept.\nSee 'git help git' for an overview of the system.\n""
[0m03:11:19.252838 [debug] [MainThread]: STDERR: "b''"
[0m03:11:19.253828 [info ] [MainThread]:  - git [[32mOK found[0m]

[0m03:11:19.255772 [info ] [MainThread]: Connection:
[0m03:11:19.257771 [info ] [MainThread]:   account: VVKWIFZ-MBB39421
[0m03:11:19.258768 [info ] [MainThread]:   user: GURU00
[0m03:11:19.259988 [info ] [MainThread]:   database: DB_REALTIME
[0m03:11:19.261989 [info ] [MainThread]:   warehouse: REALTIME_WH
[0m03:11:19.262988 [info ] [MainThread]:   role: ACCOUNTADMIN
[0m03:11:19.264359 [info ] [MainThread]:   schema: SM_REALTIME
[0m03:11:19.266392 [info ] [MainThread]:   authenticator: None
[0m03:11:19.268386 [info ] [MainThread]:   oauth_client_id: None
[0m03:11:19.269728 [info ] [MainThread]:   query_tag: None
[0m03:11:19.270722 [info ] [MainThread]:   client_session_keep_alive: False
[0m03:11:19.274056 [info ] [MainThread]:   host: None
[0m03:11:19.276105 [info ] [MainThread]:   port: None
[0m03:11:19.279219 [info ] [MainThread]:   proxy_host: None
[0m03:11:19.281223 [info ] [MainThread]:   proxy_port: None
[0m03:11:19.283224 [info ] [MainThread]:   protocol: None
[0m03:11:19.284224 [info ] [MainThread]:   connect_retries: 1
[0m03:11:19.286211 [info ] [MainThread]:   connect_timeout: None
[0m03:11:19.288315 [info ] [MainThread]:   retry_on_database_errors: False
[0m03:11:19.290385 [info ] [MainThread]:   retry_all: False
[0m03:11:19.291393 [info ] [MainThread]:   insecure_mode: False
[0m03:11:19.293395 [info ] [MainThread]:   reuse_connections: True
[0m03:11:19.295383 [info ] [MainThread]:   s3_stage_vpce_dns_name: None
[0m03:11:19.296384 [info ] [MainThread]:   platform_detection_timeout_seconds: 0.0
[0m03:11:19.299430 [info ] [MainThread]: Registered adapter: snowflake=1.11.5
[0m03:11:20.059647 [debug] [MainThread]: Acquiring new snowflake connection 'debug'
[0m03:11:27.223314 [debug] [MainThread]: Using snowflake connection "debug"
[0m03:11:27.224321 [debug] [MainThread]: On debug: select 1 as id
[0m03:11:27.226267 [debug] [MainThread]: Opening a new connection, currently in state init
[0m03:11:30.443930 [debug] [MainThread]: Snowflake adapter: Error running SQL: select 1 as id
[0m03:11:30.445939 [debug] [MainThread]: Snowflake adapter: Rolling back transaction.
[0m03:11:30.447936 [info ] [MainThread]:   Connection test: [[31mERROR[0m]

[0m03:11:30.451874 [info ] [MainThread]: [31m2 checks failed:[0m
[0m03:11:30.471758 [info ] [MainThread]: Project loading failed for the following reason:
 project path <C:\Users\guruv\Downloads\Data\Project\AI-Powered-Financial-Risk-Intelligence-Platform\dbt_project.yml> not found

[0m03:11:30.475177 [info ] [MainThread]: dbt was unable to connect to the specified database.
The database returned the following error:

  >Database Error
  250001 (08001): Failed to connect to DB: VVKWIFZ-MBB39421.snowflakecomputing.com:443. Your free trial has ended and all of your virtual warehouses have been suspended. Add billing information in the Snowflake web UI to continue using the full set of Snowflake features.

Check your database credentials and try again. For more information, visit:
https://docs.getdbt.com/docs/configure-your-profile


[0m03:11:30.480203 [debug] [MainThread]: Command `dbt debug` failed at 03:11:30.480203 after 13.97 seconds
[0m03:11:30.483207 [debug] [MainThread]: Connection 'debug' was left open.
[0m03:11:30.486201 [debug] [MainThread]: On debug: No close available on handle
[0m03:11:30.488276 [debug] [MainThread]: Sending event: {'category': 'dbt', 'action': 'invocation', 'label': 'end', 'context': [<snowplow_tracker.self_describing_json.SelfDescribingJson object at 0x000001BE55B02CD0>, <snowplow_tracker.self_describing_json.SelfDescribingJson object at 0x000001BE687B7C90>, <snowplow_tracker.self_describing_json.SelfDescribingJson object at 0x000001BE4EC60250>]}
[0m03:11:30.491260 [debug] [MainThread]: Flushing usage events
[0m03:11:32.280584 [debug] [MainThread]: An error was encountered while trying to flush usage events
[0m03:43:25.657813 [debug] [MainThread]: Sending event: {'category': 'dbt', 'action': 'invocation', 'label': 'start', 'context': [<snowplow_tracker.self_describing_json.SelfDescribingJson object at 0x000002AE07528210>, <snowplow_tracker.self_describing_json.SelfDescribingJson object at 0x000002AE07528FD0>, <snowplow_tracker.self_describing_json.SelfDescribingJson object at 0x000002AE07528390>]}


============================== 03:43:25.663433 | 282ff96b-a629-4e29-8a8c-a92becce8d8c ==============================
[0m03:43:25.663433 [info ] [MainThread]: Running with dbt=1.11.11
[0m03:43:25.663433 [debug] [MainThread]: running dbt with arguments {'static_parser': 'True', 'no_print': 'None', 'version_check': 'True', 'target_path': 'None', 'warn_error_options': 'WarnErrorOptionsV2(error=[], warn=[], silence=[])', 'printer_width': '80', 'write_json': 'True', 'empty': 'None', 'log_cache_events': 'False', 'introspect': 'True', 'cache_selected_only': 'False', 'log_format': 'default', 'debug': 'False', 'fail_fast': 'False', 'profiles_dir': 'C:\\Users\\guruv\\Downloads\\Data\\Project\\AI-Powered-Financial-Risk-Intelligence-Platform', 'send_anonymous_usage_stats': 'True', 'quiet': 'False', 'warn_error': 'None', 'partial_parse': 'True', 'use_colors': 'True', 'invocation_command': 'dbt debug', 'indirect_selection': 'eager', 'use_experimental_parser': 'False', 'log_path': 'logs'}
[0m03:43:25.684754 [info ] [MainThread]: dbt version: 1.11.11
[0m03:43:25.684754 [info ] [MainThread]: python version: 3.11.9
[0m03:43:25.685754 [info ] [MainThread]: python path: C:\Users\guruv\Downloads\Data\Project\AI-Powered-Financial-Risk-Intelligence-Platform\myenv\Scripts\python.exe
[0m03:43:25.686754 [info ] [MainThread]: os info: Windows-10-10.0.26200-SP0
[0m03:43:25.692754 [error] [MainThread]: Encountered an error:
Parsing Error
  Env var required but not provided: 'SNOWFLAKE_ACCOUNT'
[0m03:43:25.694907 [debug] [MainThread]: Command `dbt debug` failed at 03:43:25.694907 after 0.12 seconds
[0m03:43:25.694907 [debug] [MainThread]: Sending event: {'category': 'dbt', 'action': 'invocation', 'label': 'end', 'context': [<snowplow_tracker.self_describing_json.SelfDescribingJson object at 0x000002AE07528590>, <snowplow_tracker.self_describing_json.SelfDescribingJson object at 0x000002AE07528210>, <snowplow_tracker.self_describing_json.SelfDescribingJson object at 0x000002AE0727A190>]}
[0m03:43:25.695909 [debug] [MainThread]: Flushing usage events
[0m03:43:26.976897 [debug] [MainThread]: An error was encountered while trying to flush usage events
